******************************************************************************
        TMS320C2000 COFF Linker PC v5.0.2                      
******************************************************************************
>> Linked Tue Jan 12 11:00:27 2010

OUTPUT FILE NAME:   <./Debug/HRPWM_SFO.out>
ENTRY POINT SYMBOL: "_c_int00"  address: 00009000


MEMORY CONFIGURATION

         name            origin    length      used     unused   attr    fill
----------------------  --------  ---------  --------  --------  ----  --------
PAGE 0:
  BEGIN                 00000000   00000002  00000002  00000000  RWIX
  BOOT_RSVD             00000002   0000004e  00000000  0000004e  RWIX
  RAMM0                 00000050   000003b0  00000000  000003b0  RWIX
  RAML0                 00008000   00001000  00000065  00000f9b  RWIX
  RAML1                 00009000   00001000  00000dc1  0000023f  RWIX
  RAML2                 0000a000   00001000  00000000  00001000  RWIX
  RAML3                 0000b000   00001000  00000000  00001000  RWIX
  ZONE6A                00100000   0000fc00  00000000  0000fc00  RWIX
  CSM_RSVD              0033ff80   00000076  00000000  00000076  RWIX
  CSM_PWL               0033fff8   00000008  00000000  00000008  RWIX
  ADC_CAL               00380080   00000009  00000007  00000002  RWIX
  IQTABLES              003fe000   00000b50  00000000  00000b50  RWIX
  IQTABLES2             003feb50   0000008c  00000000  0000008c  RWIX
  FPUTABLES             003febdc   000006a0  00000000  000006a0  RWIX
  BOOTROM               003ff27c   00000d44  00000000  00000d44  RWIX
  RESET                 003fffc0   00000002  00000000  00000002  RWIX

PAGE 1:
  RAMM1                 00000400   00000400  000003e8  00000018  RWIX
  DEV_EMU               00000880   00000180  000000d0  000000b0  RWIX
  FLASH_REGS            00000a80   00000060  00000008  00000058  RWIX
  CSM                   00000ae0   00000010  00000010  00000000  RWIX
  ADC_MIRROR            00000b00   00000010  00000010  00000000  RWIX
  XINTF                 00000b20   00000020  0000001e  00000002  RWIX
  CPU_TIMER0            00000c00   00000008  00000008  00000000  RWIX
  CPU_TIMER1            00000c08   00000008  00000008  00000000  RWIX
  CPU_TIMER2            00000c10   00000008  00000008  00000000  RWIX
  PIE_CTRL              00000ce0   00000020  0000001a  00000006  RWIX
  PIE_VECT              00000d00   00000100  00000100  00000000  RWIX
  DMA                   00001000   00000200  000000e0  00000120  RWIX
  MCBSPA                00005000   00000040  00000025  0000001b  RWIX
  MCBSPB                00005040   00000040  00000025  0000001b  RWIX
  ECANA                 00006000   00000040  00000034  0000000c  RWIX
  ECANA_LAM             00006040   00000040  00000040  00000000  RWIX
  ECANA_MOTS            00006080   00000040  00000040  00000000  RWIX
  ECANA_MOTO            000060c0   00000040  00000040  00000000  RWIX
  ECANA_MBOX            00006100   00000100  00000100  00000000  RWIX
  ECANB                 00006200   00000040  00000034  0000000c  RWIX
  ECANB_LAM             00006240   00000040  00000040  00000000  RWIX
  ECANB_MOTS            00006280   00000040  00000040  00000000  RWIX
  ECANB_MOTO            000062c0   00000040  00000040  00000000  RWIX
  ECANB_MBOX            00006300   00000100  00000100  00000000  RWIX
  EPWM1                 00006800   00000022  00000022  00000000  RWIX
  EPWM2                 00006840   00000022  00000022  00000000  RWIX
  EPWM3                 00006880   00000022  00000022  00000000  RWIX
  EPWM4                 000068c0   00000022  00000022  00000000  RWIX
  EPWM5                 00006900   00000022  00000022  00000000  RWIX
  EPWM6                 00006940   00000022  00000022  00000000  RWIX
  ECAP1                 00006a00   00000020  00000020  00000000  RWIX
  ECAP2                 00006a20   00000020  00000020  00000000  RWIX
  ECAP3                 00006a40   00000020  00000020  00000000  RWIX
  ECAP4                 00006a60   00000020  00000020  00000000  RWIX
  ECAP5                 00006a80   00000020  00000020  00000000  RWIX
  ECAP6                 00006aa0   00000020  00000020  00000000  RWIX
  EQEP1                 00006b00   00000040  00000040  00000000  RWIX
  EQEP2                 00006b40   00000040  00000040  00000000  RWIX
  GPIOCTRL              00006f80   00000040  0000002e  00000012  RWIX
  GPIODAT               00006fc0   00000020  00000020  00000000  RWIX
  GPIOINT               00006fe0   00000020  0000000a  00000016  RWIX
  SYSTEM                00007010   00000020  00000020  00000000  RWIX
  SPIA                  00007040   00000010  00000010  00000000  RWIX
  SCIA                  00007050   00000010  00000010  00000000  RWIX
  XINTRUPT              00007070   00000010  00000010  00000000  RWIX
  ADC                   00007100   00000020  0000001e  00000002  RWIX
  SCIB                  00007750   00000010  00000010  00000000  RWIX
  SCIC                  00007770   00000010  00000010  00000000  RWIX
  I2CA                  00007900   00000040  00000022  0000001e  RWIX
  RAML4                 0000c000   00001000  00000190  00000e70  RWIX
  RAML5                 0000d000   00001000  00000100  00000f00  RWIX
  RAML6                 0000e000   00001000  00000000  00001000  RWIX
  RAML7                 0000f000   00001000  00000000  00001000  RWIX
  ZONE6B                0010fc00   00000400  00000000  00000400  RWIX
  CSM_PWL               0033fff8   00000008  00000008  00000000  RWIX


SECTION ALLOCATION MAP

 output                                  attributes/
section   page    origin      length       input sections
--------  ----  ----------  ----------   ----------------
.data      0    00000000    00000000     UNINITIALIZED

codestart 
*          0    00000000    00000002     
                  00000000    00000002     DSP2833x_CodeStartBranch.obj (codestart)

.pinit     0    00008000    00000000     UNINITIALIZED

.switch    0    00008000    00000000     UNINITIALIZED

.cinit     0    00008000    00000046     
                  00008000    0000000a     rts2800_fpu32.lib : exit.obj (.cinit)
                  0000800a    0000000a                       : _lock.obj (.cinit)
                  00008014    00000011     HRPWM_SFO.obj (.cinit)
                  00008025    00000018     SFO_TI_Build_fpu.lib : SFO-FMD.obj (.cinit)
                  0000803d    00000008                          : SFO-SME.obj (.cinit)
                  00008045    00000001     --HOLE-- [fill = 0]

ramfuncs   0    00008046    0000001f     
                  00008046    0000001b     DSP2833x_SysCtrl.obj (ramfuncs)
                  00008061    00000004     DSP2833x_usDelay.obj (ramfuncs)

IQmath     0    00009000    00000000     UNINITIALIZED

.text      0    00009000    00000dc1     
                  00009000    00000046     rts2800_fpu32.lib : boot.obj (.text)
                  00009046    00000018                       : exit.obj (.text)
                  0000905e    00000009                       : _lock.obj (.text)
                  00009067    00000015                       : args_main.obj (.text)
                  0000907c    00000008     DSP2833x_CodeStartBranch.obj (.text)
                  00009084    00000323     DSP2833x_DefaultIsr.obj (.text)
                  000093a7    000000a1     DSP2833x_EPwm.obj (.text)
                  00009448    00000019     DSP2833x_Gpio.obj (.text)
                  00009461    00000028     DSP2833x_PieCtrl.obj (.text)
                  00009489    00000020     DSP2833x_PieVect.obj (.text)
                  000094a9    000000f5     DSP2833x_SysCtrl.obj (.text)
                  0000959e    000000fa     DSP2833x_Xintf.obj (.text)
                  00009698    00000266     HRPWM_SFO.obj (.text)
                  000098fe    00000205     SFO_TI_Build_fpu.lib : SFO-FMD.obj (.text)
                  00009b03    00000236                          : SFO-SME.obj (.text)
                  00009d39    00000088     rts2800_fpu32.lib : fs_div.obj (.text)

csm_rsvd   0    0033ff80    00000000     DSECT

csmpasswds 
*          0    0033fff8    00000000     DSECT

.adc_cal   0    00380080    00000007     NOLOAD SECTION
                  00380080    00000007     DSP2833x_ADC_cal.obj (.adc_cal)

IQmathTables 
*          0    003fe000    00000000     NOLOAD SECTION

IQmathTables2 
*          0    003feb50    00000000     NOLOAD SECTION

FPUmathTables 
*          0    003febdc    00000000     NOLOAD SECTION

.reset     0    003fffc0    00000002     DSECT
                  003fffc0    00000002     rts2800_fpu32.lib : boot.obj (.reset)

.bss       1    00000000    00000000     UNINITIALIZED

.esysmem   1    00000400    00000000     UNINITIALIZED

.stack     1    00000400    000003e8     UNINITIALIZED

DevEmuRegsFile 
*          1    00000880    000000d0     UNINITIALIZED
                  00000880    000000d0     DSP2833x_GlobalVariableDefs.obj (DevEmuRegsFile)

FlashRegsFile 
*          1    00000a80    00000008     UNINITIALIZED
                  00000a80    00000008     DSP2833x_GlobalVariableDefs.obj (FlashRegsFile)

CsmRegsFile 
*          1    00000ae0    00000010     UNINITIALIZED
                  00000ae0    00000010     DSP2833x_GlobalVariableDefs.obj (CsmRegsFile)

AdcMirrorFile 
*          1    00000b00    00000010     UNINITIALIZED
                  00000b00    00000010     DSP2833x_GlobalVariableDefs.obj (AdcMirrorFile)

XintfRegsFile 
*          1    00000b20    0000001e     UNINITIALIZED
                  00000b20    0000001e     DSP2833x_GlobalVariableDefs.obj (XintfRegsFile)

CpuTimer0RegsFile 
*          1    00000c00    00000008     UNINITIALIZED
                  00000c00    00000008     DSP2833x_GlobalVariableDefs.obj (CpuTimer0RegsFile)

CpuTimer1RegsFile 
*          1    00000c08    00000008     UNINITIALIZED
                  00000c08    00000008     DSP2833x_GlobalVariableDefs.obj (CpuTimer1RegsFile)

CpuTimer2RegsFile 
*          1    00000c10    00000008     UNINITIALIZED
                  00000c10    00000008     DSP2833x_GlobalVariableDefs.obj (CpuTimer2RegsFile)

PieCtrlRegsFile 
*          1    00000ce0    0000001a     UNINITIALIZED
                  00000ce0    0000001a     DSP2833x_GlobalVariableDefs.obj (PieCtrlRegsFile)

PieVectTableFile 
*          1    00000d00    00000100     UNINITIALIZED
                  00000d00    00000100     DSP2833x_GlobalVariableDefs.obj (PieVectTableFile)

DmaRegsFile 
*          1    00001000    000000e0     UNINITIALIZED
                  00001000    000000e0     DSP2833x_GlobalVariableDefs.obj (DmaRegsFile)

McbspaRegsFile 
*          1    00005000    00000025     UNINITIALIZED
                  00005000    00000025     DSP2833x_GlobalVariableDefs.obj (McbspaRegsFile)

McbspbRegsFile 
*          1    00005040    00000025     UNINITIALIZED
                  00005040    00000025     DSP2833x_GlobalVariableDefs.obj (McbspbRegsFile)

ECanaRegsFile 
*          1    00006000    00000034     UNINITIALIZED
                  00006000    00000034     DSP2833x_GlobalVariableDefs.obj (ECanaRegsFile)

ECanaLAMRegsFile 
*          1    00006040    00000040     UNINITIALIZED
                  00006040    00000040     DSP2833x_GlobalVariableDefs.obj (ECanaLAMRegsFile)

ECanaMOTSRegsFile 
*          1    00006080    00000040     UNINITIALIZED
                  00006080    00000040     DSP2833x_GlobalVariableDefs.obj (ECanaMOTSRegsFile)

ECanaMOTORegsFile 
*          1    000060c0    00000040     UNINITIALIZED
                  000060c0    00000040     DSP2833x_GlobalVariableDefs.obj (ECanaMOTORegsFile)

ECanaMboxesFile 
*          1    00006100    00000100     UNINITIALIZED
                  00006100    00000100     DSP2833x_GlobalVariableDefs.obj (ECanaMboxesFile)

ECanbRegsFile 
*          1    00006200    00000034     UNINITIALIZED
                  00006200    00000034     DSP2833x_GlobalVariableDefs.obj (ECanbRegsFile)

ECanbLAMRegsFile 
*          1    00006240    00000040     UNINITIALIZED
                  00006240    00000040     DSP2833x_GlobalVariableDefs.obj (ECanbLAMRegsFile)

ECanbMOTSRegsFile 
*          1    00006280    00000040     UNINITIALIZED
                  00006280    00000040     DSP2833x_GlobalVariableDefs.obj (ECanbMOTSRegsFile)

ECanbMOTORegsFile 
*          1    000062c0    00000040     UNINITIALIZED
                  000062c0    00000040     DSP2833x_GlobalVariableDefs.obj (ECanbMOTORegsFile)

ECanbMboxesFile 
*          1    00006300    00000100     UNINITIALIZED
                  00006300    00000100     DSP2833x_GlobalVariableDefs.obj (ECanbMboxesFile)

EPwm1RegsFile 
*          1    00006800    00000022     UNINITIALIZED
                  00006800    00000022     DSP2833x_GlobalVariableDefs.obj (EPwm1RegsFile)

EPwm2RegsFile 
*          1    00006840    00000022     UNINITIALIZED
                  00006840    00000022     DSP2833x_GlobalVariableDefs.obj (EPwm2RegsFile)

EPwm3RegsFile 
*          1    00006880    00000022     UNINITIALIZED
                  00006880    00000022     DSP2833x_GlobalVariableDefs.obj (EPwm3RegsFile)

EPwm4RegsFile 
*          1    000068c0    00000022     UNINITIALIZED
                  000068c0    00000022     DSP2833x_GlobalVariableDefs.obj (EPwm4RegsFile)

EPwm5RegsFile 
*          1    00006900    00000022     UNINITIALIZED
                  00006900    00000022     DSP2833x_GlobalVariableDefs.obj (EPwm5RegsFile)

EPwm6RegsFile 
*          1    00006940    00000022     UNINITIALIZED
                  00006940    00000022     DSP2833x_GlobalVariableDefs.obj (EPwm6RegsFile)

ECap1RegsFile 
*          1    00006a00    00000020     UNINITIALIZED
                  00006a00    00000020     DSP2833x_GlobalVariableDefs.obj (ECap1RegsFile)

ECap2RegsFile 
*          1    00006a20    00000020     UNINITIALIZED
                  00006a20    00000020     DSP2833x_GlobalVariableDefs.obj (ECap2RegsFile)

ECap3RegsFile 
*          1    00006a40    00000020     UNINITIALIZED
                  00006a40    00000020     DSP2833x_GlobalVariableDefs.obj (ECap3RegsFile)

ECap4RegsFile 
*          1    00006a60    00000020     UNINITIALIZED
                  00006a60    00000020     DSP2833x_GlobalVariableDefs.obj (ECap4RegsFile)

ECap5RegsFile 
*          1    00006a80    00000020     UNINITIALIZED
                  00006a80    00000020     DSP2833x_GlobalVariableDefs.obj (ECap5RegsFile)

ECap6RegsFile 
*          1    00006aa0    00000020     UNINITIALIZED
                  00006aa0    00000020     DSP2833x_GlobalVariableDefs.obj (ECap6RegsFile)

EQep1RegsFile 
*          1    00006b00    00000040     UNINITIALIZED
                  00006b00    00000040     DSP2833x_GlobalVariableDefs.obj (EQep1RegsFile)

EQep2RegsFile 
*          1    00006b40    00000040     UNINITIALIZED
                  00006b40    00000040     DSP2833x_GlobalVariableDefs.obj (EQep2RegsFile)

GpioCtrlRegsFile 
*          1    00006f80    0000002e     UNINITIALIZED
                  00006f80    0000002e     DSP2833x_GlobalVariableDefs.obj (GpioCtrlRegsFile)

GpioDataRegsFile 
*          1    00006fc0    00000020     UNINITIALIZED
                  00006fc0    00000020     DSP2833x_GlobalVariableDefs.obj (GpioDataRegsFile)

GpioIntRegsFile 
*          1    00006fe0    0000000a     UNINITIALIZED
                  00006fe0    0000000a     DSP2833x_GlobalVariableDefs.obj (GpioIntRegsFile)

SysCtrlRegsFile 
*          1    00007010    00000020     UNINITIALIZED
                  00007010    00000020     DSP2833x_GlobalVariableDefs.obj (SysCtrlRegsFile)

SpiaRegsFile 
*          1    00007040    00000010     UNINITIALIZED
                  00007040    00000010     DSP2833x_GlobalVariableDefs.obj (SpiaRegsFile)

SciaRegsFile 
*          1    00007050    00000010     UNINITIALIZED
                  00007050    00000010     DSP2833x_GlobalVariableDefs.obj (SciaRegsFile)

XIntruptRegsFile 
*          1    00007070    00000010     UNINITIALIZED
                  00007070    00000010     DSP2833x_GlobalVariableDefs.obj (XIntruptRegsFile)

AdcRegsFile 
*          1    00007100    0000001e     UNINITIALIZED
                  00007100    0000001e     DSP2833x_GlobalVariableDefs.obj (AdcRegsFile)

ScibRegsFile 
*          1    00007750    00000010     UNINITIALIZED
                  00007750    00000010     DSP2833x_GlobalVariableDefs.obj (ScibRegsFile)

ScicRegsFile 
*          1    00007770    00000010     UNINITIALIZED
                  00007770    00000010     DSP2833x_GlobalVariableDefs.obj (ScicRegsFile)

I2caRegsFile 
*          1    00007900    00000022     UNINITIALIZED
                  00007900    00000022     DSP2833x_GlobalVariableDefs.obj (I2caRegsFile)

DMARAML4   1    0000c000    00000000     UNINITIALIZED

.ebss      1    0000c000    00000190     UNINITIALIZED
                  0000c000    0000002a     SFO_TI_Build_fpu.lib : SFO-FMD.obj (.ebss)
                  0000c02a    00000004     rts2800_fpu32.lib : exit.obj (.ebss)
                  0000c02e    00000004                       : _lock.obj (.ebss)
                  0000c040    0000001c     HRPWM_SFO.obj (.ebss)
                  0000c080    00000110     SFO_TI_Build_fpu.lib : SFO-SME.obj (.ebss)

DMARAML5   1    0000d000    00000000     UNINITIALIZED

.econst    1    0000d000    00000100     
                  0000d000    00000100     DSP2833x_PieVect.obj (.econst)

DMARAML6   1    0000e000    00000000     UNINITIALIZED

DMARAML7   1    0000f000    00000000     UNINITIALIZED

ZONE6DATA 
*          1    0010fc00    00000000     UNINITIALIZED

CsmPwlFile 
*          1    0033fff8    00000008     UNINITIALIZED
                  0033fff8    00000008     DSP2833x_GlobalVariableDefs.obj (CsmPwlFile)


GLOBAL SYMBOLS: SORTED ALPHABETICALLY BY Name 

address    name
--------   ----
00000000   .bss
00000000   .data
00009000   .text
00009046   C$$EXIT
00009d39   FS$$DIV
0000916a   _ADCINT_ISR
00380080   _ADC_cal
00000b00   _AdcMirror
00007100   _AdcRegs
00000c00   _CpuTimer0Regs
00000c08   _CpuTimer1Regs
00000c10   _CpuTimer2Regs
0033fff8   _CsmPwl
00000ae0   _CsmRegs
0000956d   _CsmUnlock
00009098   _DATALOG_ISR
0000928c   _DINTCH1_ISR
00009296   _DINTCH2_ISR
000092a0   _DINTCH3_ISR
000092aa   _DINTCH4_ISR
000092b4   _DINTCH5_ISR
000092be   _DINTCH6_ISR
00008061   _DSP28x_usDelay
00000880   _DevEmuRegs
000094bc   _DisableDog
00001000   _DmaRegs
0000c045   _DutyFine
00009318   _ECAN0INTA_ISR
0000932c   _ECAN0INTB_ISR
00009322   _ECAN1INTA_ISR
00009336   _ECAN1INTB_ISR
00009200   _ECAP1_INT_ISR
0000920a   _ECAP2_INT_ISR
00009214   _ECAP3_INT_ISR
0000921e   _ECAP4_INT_ISR
00009228   _ECAP5_INT_ISR
00009232   _ECAP6_INT_ISR
00006040   _ECanaLAMRegs
000060c0   _ECanaMOTORegs
00006080   _ECanaMOTSRegs
00006100   _ECanaMboxes
00006000   _ECanaRegs
00006240   _ECanbLAMRegs
000062c0   _ECanbMOTORegs
00006280   _ECanbMOTSRegs
00006300   _ECanbMboxes
00006200   _ECanbRegs
00006a00   _ECap1Regs
00006a20   _ECap2Regs
00006a40   _ECap3Regs
00006a60   _ECap4Regs
00006a80   _ECap5Regs
00006aa0   _ECap6Regs
00009386   _EMPTY_ISR
000090ac   _EMUINT_ISR
000091c4   _EPWM1_INT_ISR
00009188   _EPWM1_TZINT_ISR
000091ce   _EPWM2_INT_ISR
00009192   _EPWM2_TZINT_ISR
000091d8   _EPWM3_INT_ISR
0000919c   _EPWM3_TZINT_ISR
000091e2   _EPWM4_INT_ISR
000091a6   _EPWM4_TZINT_ISR
000091ec   _EPWM5_INT_ISR
000091b0   _EPWM5_TZINT_ISR
000091f6   _EPWM6_INT_ISR
000091ba   _EPWM6_TZINT_ISR
00006800   _EPwm1Regs
00006840   _EPwm2Regs
00006880   _EPwm3Regs
000068c0   _EPwm4Regs
00006900   _EPwm5Regs
00006940   _EPwm6Regs
0000923c   _EQEP1_INT_ISR
00009246   _EQEP2_INT_ISR
00006b00   _EQep1Regs
00006b40   _EQep2Regs
00009480   _EnableInterrupts
00000a80   _FlashRegs
00006f80   _GpioCtrlRegs
00006fc0   _GpioDataRegs
00006fe0   _GpioIntRegs
000097d3   _HRPWM1_Config
0000981e   _HRPWM2_Config
0000986d   _HRPWM3_Config
000098b3   _HRPWM4_Config
000092c8   _I2CINT1A_ISR
000092d2   _I2CINT2A_ISR
00007900   _I2caRegs
000090c0   _ILLEGAL_ISR
00009084   _INT13_ISR
0000908e   _INT14_ISR
000093a7   _InitEPwm
000093b5   _InitEPwm1Gpio
000093c7   _InitEPwm2Gpio
000093d9   _InitEPwm3Gpio
000093ed   _InitEPwm4Gpio
00009401   _InitEPwm5Gpio
00009413   _InitEPwm6Gpio
000093a8   _InitEPwmGpio
00009425   _InitEPwmSyncGpio
00008046   _InitFlash
00009448   _InitGpio
00009512   _InitPeripheralClocks
00009461   _InitPieCtrl
00009489   _InitPieVectTable
000094c4   _InitPll
000094a9   _InitSysCtrl
00009439   _InitTzGpio
0000959e   _InitXintf
0000963e   _InitXintf16Gpio
000095f7   _InitXintf32Gpio
0000937c   _LUF_ISR
00009372   _LVF_ISR
0000c048   _MEP_ScaleFactor
00009278   _MRINTA_ISR
00009264   _MRINTB_ISR
00009282   _MXINTA_ISR
0000926e   _MXINTB_ISR
00005000   _McbspaRegs
00005040   _McbspbRegs
000090b6   _NMI_ISR
00009393   _PIE_RESERVED
00000ce0   _PieCtrlRegs
00000d00   _PieVectTable
0000d000   _PieVectTableInit
000090a2   _RTOSINT_ISR
000092f0   _SCIRXINTA_ISR
00009304   _SCIRXINTB_ISR
000092dc   _SCIRXINTC_ISR
000092fa   _SCITXINTA_ISR
0000930e   _SCITXINTB_ISR
000092e6   _SCITXINTC_ISR
00009142   _SEQ1INT_ISR
0000914c   _SEQ2INT_ISR
000098fe   _SFO_MepDis
00009b03   _SFO_MepEn
00009250   _SPIRXINTA_ISR
0000925a   _SPITXINTA_ISR
00007050   _SciaRegs
00007750   _ScibRegs
00007770   _ScicRegs
000094b2   _ServiceDog
00007040   _SpiaRegs
00009d00   _StopStartSFO
00007010   _SysCtrlRegs
00009174   _TINT0_ISR
00009124   _USER10_ISR
0000912e   _USER11_ISR
00009138   _USER12_ISR
000090ca   _USER1_ISR
000090d4   _USER2_ISR
000090de   _USER3_ISR
000090e8   _USER4_ISR
000090f2   _USER5_ISR
000090fc   _USER6_ISR
00009106   _USER7_ISR
00009110   _USER8_ISR
0000911a   _USER9_ISR
0000c040   _UpdateFine
0000917e   _WAKEINT_ISR
00009156   _XINT1_ISR
00009160   _XINT2_ISR
00009340   _XINT3_ISR
0000934a   _XINT4_ISR
00009354   _XINT5_ISR
0000935e   _XINT6_ISR
00009368   _XINT7_ISR
00007070   _XIntruptRegs
00000b20   _XintfRegs
000003e8   __STACK_SIZE
ffffffff   ___TI_pprof_out_hndl
ffffffff   ___TI_prof_var_size
ffffffff   ___TI_prof_var_start
ffffffff   ___binit__
00000000   ___bss__
ffffffff   ___c_args__
00008000   ___cinit__
00000000   ___data__
00000000   ___edata__
00000000   ___end__
00009dc1   ___etext__
ffffffff   ___pinit__
00009000   ___text__
00009067   __args_main
0000c02a   __cleanup_ptr
0000c02c   __dtors_ptr
0000c030   __lock
00009066   __nop
00009062   __register_lock
0000905e   __register_unlock
00000400   __stack
0000c02e   __unlock
00009046   _abort
00009000   _c_int00
0000c042   _duty
0000c04e   _ePWM
00009048   _exit
0000c041   _i
0000c044   _j
00009698   _main
0000c043   _n
0000939d   _rsvd_ISR
0000c046   _temp
ffffffff   binit
00008000   cinit
00000000   code_start
00000000   edata
00000000   end
00009dc1   etext
ffffffff   pinit


GLOBAL SYMBOLS: SORTED BY Symbol Address 

address    name
--------   ----
00000000   .bss
00000000   .data
00000000   ___bss__
00000000   ___data__
00000000   ___edata__
00000000   ___end__
00000000   code_start
00000000   edata
00000000   end
000003e8   __STACK_SIZE
00000400   __stack
00000880   _DevEmuRegs
00000a80   _FlashRegs
00000ae0   _CsmRegs
00000b00   _AdcMirror
00000b20   _XintfRegs
00000c00   _CpuTimer0Regs
00000c08   _CpuTimer1Regs
00000c10   _CpuTimer2Regs
00000ce0   _PieCtrlRegs
00000d00   _PieVectTable
00001000   _DmaRegs
00005000   _McbspaRegs
00005040   _McbspbRegs
00006000   _ECanaRegs
00006040   _ECanaLAMRegs
00006080   _ECanaMOTSRegs
000060c0   _ECanaMOTORegs
00006100   _ECanaMboxes
00006200   _ECanbRegs
00006240   _ECanbLAMRegs
00006280   _ECanbMOTSRegs
000062c0   _ECanbMOTORegs
00006300   _ECanbMboxes
00006800   _EPwm1Regs
00006840   _EPwm2Regs
00006880   _EPwm3Regs
000068c0   _EPwm4Regs
00006900   _EPwm5Regs
00006940   _EPwm6Regs
00006a00   _ECap1Regs
00006a20   _ECap2Regs
00006a40   _ECap3Regs
00006a60   _ECap4Regs
00006a80   _ECap5Regs
00006aa0   _ECap6Regs
00006b00   _EQep1Regs
00006b40   _EQep2Regs
00006f80   _GpioCtrlRegs
00006fc0   _GpioDataRegs
00006fe0   _GpioIntRegs
00007010   _SysCtrlRegs
00007040   _SpiaRegs
00007050   _SciaRegs
00007070   _XIntruptRegs
00007100   _AdcRegs
00007750   _ScibRegs
00007770   _ScicRegs
00007900   _I2caRegs
00008000   ___cinit__
00008000   cinit
00008046   _InitFlash
00008061   _DSP28x_usDelay
00009000   .text
00009000   ___text__
00009000   _c_int00
00009046   C$$EXIT
00009046   _abort
00009048   _exit
0000905e   __register_unlock
00009062   __register_lock
00009066   __nop
00009067   __args_main
00009084   _INT13_ISR
0000908e   _INT14_ISR
00009098   _DATALOG_ISR
000090a2   _RTOSINT_ISR
000090ac   _EMUINT_ISR
000090b6   _NMI_ISR
000090c0   _ILLEGAL_ISR
000090ca   _USER1_ISR
000090d4   _USER2_ISR
000090de   _USER3_ISR
000090e8   _USER4_ISR
000090f2   _USER5_ISR
000090fc   _USER6_ISR
00009106   _USER7_ISR
00009110   _USER8_ISR
0000911a   _USER9_ISR
00009124   _USER10_ISR
0000912e   _USER11_ISR
00009138   _USER12_ISR
00009142   _SEQ1INT_ISR
0000914c   _SEQ2INT_ISR
00009156   _XINT1_ISR
00009160   _XINT2_ISR
0000916a   _ADCINT_ISR
00009174   _TINT0_ISR
0000917e   _WAKEINT_ISR
00009188   _EPWM1_TZINT_ISR
00009192   _EPWM2_TZINT_ISR
0000919c   _EPWM3_TZINT_ISR
000091a6   _EPWM4_TZINT_ISR
000091b0   _EPWM5_TZINT_ISR
000091ba   _EPWM6_TZINT_ISR
000091c4   _EPWM1_INT_ISR
000091ce   _EPWM2_INT_ISR
000091d8   _EPWM3_INT_ISR
000091e2   _EPWM4_INT_ISR
000091ec   _EPWM5_INT_ISR
000091f6   _EPWM6_INT_ISR
00009200   _ECAP1_INT_ISR
0000920a   _ECAP2_INT_ISR
00009214   _ECAP3_INT_ISR
0000921e   _ECAP4_INT_ISR
00009228   _ECAP5_INT_ISR
00009232   _ECAP6_INT_ISR
0000923c   _EQEP1_INT_ISR
00009246   _EQEP2_INT_ISR
00009250   _SPIRXINTA_ISR
0000925a   _SPITXINTA_ISR
00009264   _MRINTB_ISR
0000926e   _MXINTB_ISR
00009278   _MRINTA_ISR
00009282   _MXINTA_ISR
0000928c   _DINTCH1_ISR
00009296   _DINTCH2_ISR
000092a0   _DINTCH3_ISR
000092aa   _DINTCH4_ISR
000092b4   _DINTCH5_ISR
000092be   _DINTCH6_ISR
000092c8   _I2CINT1A_ISR
000092d2   _I2CINT2A_ISR
000092dc   _SCIRXINTC_ISR
000092e6   _SCITXINTC_ISR
000092f0   _SCIRXINTA_ISR
000092fa   _SCITXINTA_ISR
00009304   _SCIRXINTB_ISR
0000930e   _SCITXINTB_ISR
00009318   _ECAN0INTA_ISR
00009322   _ECAN1INTA_ISR
0000932c   _ECAN0INTB_ISR
00009336   _ECAN1INTB_ISR
00009340   _XINT3_ISR
0000934a   _XINT4_ISR
00009354   _XINT5_ISR
0000935e   _XINT6_ISR
00009368   _XINT7_ISR
00009372   _LVF_ISR
0000937c   _LUF_ISR
00009386   _EMPTY_ISR
00009393   _PIE_RESERVED
0000939d   _rsvd_ISR
000093a7   _InitEPwm
000093a8   _InitEPwmGpio
000093b5   _InitEPwm1Gpio
000093c7   _InitEPwm2Gpio
000093d9   _InitEPwm3Gpio
000093ed   _InitEPwm4Gpio
00009401   _InitEPwm5Gpio
00009413   _InitEPwm6Gpio
00009425   _InitEPwmSyncGpio
00009439   _InitTzGpio
00009448   _InitGpio
00009461   _InitPieCtrl
00009480   _EnableInterrupts
00009489   _InitPieVectTable
000094a9   _InitSysCtrl
000094b2   _ServiceDog
000094bc   _DisableDog
000094c4   _InitPll
00009512   _InitPeripheralClocks
0000956d   _CsmUnlock
0000959e   _InitXintf
000095f7   _InitXintf32Gpio
0000963e   _InitXintf16Gpio
00009698   _main
000097d3   _HRPWM1_Config
0000981e   _HRPWM2_Config
0000986d   _HRPWM3_Config
000098b3   _HRPWM4_Config
000098fe   _SFO_MepDis
00009b03   _SFO_MepEn
00009d00   _StopStartSFO
00009d39   FS$$DIV
00009dc1   ___etext__
00009dc1   etext
0000c02a   __cleanup_ptr
0000c02c   __dtors_ptr
0000c02e   __unlock
0000c030   __lock
0000c040   _UpdateFine
0000c041   _i
0000c042   _duty
0000c043   _n
0000c044   _j
0000c045   _DutyFine
0000c046   _temp
0000c048   _MEP_ScaleFactor
0000c04e   _ePWM
0000d000   _PieVectTableInit
0033fff8   _CsmPwl
00380080   _ADC_cal
ffffffff   ___TI_pprof_out_hndl
ffffffff   ___TI_prof_var_size
ffffffff   ___TI_prof_var_start
ffffffff   ___binit__
ffffffff   ___c_args__
ffffffff   ___pinit__
ffffffff   binit
ffffffff   pinit

[211 symbols]
